3000basicJapa.pdf 
Aboriginal.pdf 
A Brief Introduction to the Standard Annotation Language.pdf 
A Brief Tutorial on Database Queries, Data Mining, and OLAP.pdf 
Abstract Algebra Appliations.pdf 
Abstract Rendering - Out-of-core Rendering for Information Visualization.pdf 
Advanced Data Structures.pdf 
A Dzongkha Dictionary for Beginners .pdf 
A Family of Perfect Hashing Methods.pdf 
A Fast, Minimal Memory, Consistent Hash Algorithm.pdf 
A File Comparison Program.pdf 
A First Encounter with Machine Learning.pdf 
Afrikaans-TY.pdf 
A Gateway To Sindarin.pdf 
A History of the English Language .pdf 
AlaskanHaidaPhrasebook_web.pdf 
Algorithms for Programmers.pdf 
Al-Kitaab fii Taallum al-Arabiyya Part 1.pdf 
Al-Kitaab fii Ta allum al- Arabiyya Part 2.pdf 
Al-Kitaab fii Ta`allum al-`Arabiyya Part 3.pdf 
Almost Random Graphs with Simple Hash Functions.pdf 
A Mathematical Theory of Communication.pdf 
Amharic-Routledge.pdf 
A Nahuatl-English Dictionary.pdf 
Analysing sentences.pdf 
An Introduction to English Phonology.pdf 
An Introduction to Sociolinguistics .pdf 
Anishinaabemowin.pdf 
arabic calligraphy.pdf 
Arabic-Egypt-Routledge.pdf 
Arabic-Handwriting.pdf 
Arabic-Hippocrene.pdf 
Arabic-Routledge-Levantine.pdf 
Arabic-Script.pdf 
Arabiyyat Al-Naas Part One.pdf 
Arabiyyat Al-Naas Part Two.pdf 
Armenian, Beginner.pdf 
Arrernte.pdf 
ASL-demystified.pdf 
ASL-dictionary.pdf 
ASL-Polite.pdf 
Assamese, An Intensive Course in (Dutta).pdf 
Australian Kriol_ An Introduction to Conversational Kriol (Sandefur _ Sandefur).pdf 
Australian Sign Language (Auslan)_ An introduction to sign language linguistics .pdf 
Authority.pdf 
Aymara, Beginning (Wexler).pdf 
Babylonian-TY.pdf 
Bangla Academy English-Bengali Dictionary .pdf 
Bashkir Manual (Poppe).pdf 
Basic Cantonese_ A Grammar and Workbook - Readers StuffZ .pdf 
basilusHerbarium.pdf 
Basque-Routledge.pdf 
Beginner_s Danish - Nete Schmidt.pdf 
Bengali-TY-Hudson.pdf 
Bengali-TY-Radice.pdf 
BSL.pdf 
Bulgarian-Routledge.pdf 
Burmese-Routledge.pdf 
Cantonese-Routledge.pdf 
Cantonese-TY.pdf 
Catalan-Routledge.pdf 
Cebuano. A Functional Reference Grammar of Cebuano .pdf 
Cebuano for Beginners .pdf 
Cheat Sheet.pdf 
Cherokee, A Reference Grammar of Oklahoma (Montgomery-Anderson).pdf 
Cherokee, Introduction to (Howard _ Eby).pdf 
Coast Tsimshian Language).pdf 
Computational Thinking: A Primer for Programmers and Data Scientists.pdf 
Computer science Logo style (Volume 2) by Harvey B. (z-lib.org).pdf 
Computer science Logo style (Volume 3) by Brian Harvey (z-lib.org).pdf 
Concise English-Tigrinya dictionary .pdf 
Conlangers-Thesaurus.pdf 
Coptic-in-20-Lessons_Bentley-Layton.pdf 
Coreano básico.pdf 
Corpus Linguistics.pdf 
Creek, Beginning (Innes, Alexander, _ Tilkens).pdf 
Creek, Intermediate (Innes, Alexander, _ Tilkens).pdf 
Croatian-Routledge.pdf 
Czech-Routledge.pdf 
Czech-TY.pdf 
Danish-Routledge.pdf 
Danish-TY.pdf 
Diccionario chontal de Tabasco .pdf 
Diccionario Guaraní-Español y Español-Guaraní _ Ñe_êngueryru Avañe_e-Caraiñe_ê Ha Caraiñe_ê-Avañe_ê .pdf 
diccionario_yaquis_imip_2017.pdf 
Dictionary of Symbols by J. C. Cirlot (z-lib.org).pdf 
Dictionary Yaqui Yoeme Hiaki-English .pdf 
Discovering Albanian I Textbook .pdf 
DK - 15-Minute Arabic_ Learn in just 12 weeks (2018, DK Publishing) - libgen.li.pdf 
Doing Math with Python Use Programming to Explore Algebra, Statistics, Calculus, and More by Amit Saha (z-lib.org).pdf 
Dutch-Routledge.pdf 
Dutch-TY.pdf 
Dyirbal Language of North Queensland (Dixon).pdf 
ED364085.pdf 
El Catalan Sin Esfuerzo - Catalan for Spanish Speaking People (Catalan and Spanish Edition) .pdf 
El Coreano Basico.pdf 
Elements of Luganda grammar_ together with exercises and vocabulary .pdf 
epdf.pub_haitian-creole-phrasebook-essential-expressions-fo.pdf 
Eric Matthes - Python Crash Course_ A Hands-On, Project-Based Introduction to Programming (2015, No Starch Press) - libgen.lc.pdf 
Esperanto, Teach Yourself (Cresswell _ Hartley).pdf 
Estonian-Routledge.pdf 
Everyone Here Spoke Sign Language_ Hereditary Deafness on Martha_s Vineyard .pdf 
Ewha Korean 1-1 .pdf 
Ewha Korean 1-1 Workbook .pdf 
Farsi (Persian) for Beginners_ Mastering Conversational Farsi ( PDFDrive.com ).pdf 
Faulkner_ConciseDictionary-smaller copy.pdf 
Fijian Language, Handbook of the (Moore) (1893).pdf 
Fijian, Lessons in (Schütz _ Komaitai).pdf 
Fiji Hindi - English, English - Fiji Hindi Dictionary .pdf 
Fiji-Hindi.pdf 
Finnish-Routledge.pdf 
Finnish-TY.pdf 
Forensic-Linguistics.pdf 
French.pdf 
French-Routledge.pdf 
French-TY.pdf 
Fsi-FulaBasicCourse-StudentText.pdf 
FSI - Luganda Basic Course - Instructor and Student Text.pdf 
funarabic.pdf 
Gagana Samoa_ A Samoan Language Coursebook .pdf 
Garo_ The Language of the Modhupur Mandi (Garo) - Vol 1 (Burling).pdf 
GENKI I_ An Integrated Course in Elementary Japanese .pdf 
Georgian-Hippocrene.pdf 
German-Routledge.pdf 
German_Wikibook.pdf 
Glossika Mass Sentences Hakka (Sixian_Hailu) Fluency 1 .pdf 
Gramática de uso del Español Teoría y práctica. Con solucionario. B1-B2 .pdf 
Gramática de uso del español_ Teoría y práctica_ Con solucionario. C1-C2 .pdf 
Gray, Iain - Snake charming -- the musical Python-Springer (2017).pdf 
Greek-Ancient.pdf 
Greek-Routledge.pdf 
Greek-Script.pdf 
Greg London - Impatient perl (2009, Unknown Publisher) - libgen.lc.pdf 
gsci_gsci_2009_gwichin_topical_dictionary.pdf 
Guarani Basic Course. Part 1 .pdf 
Gujarati-TY.pdf 
Gullah culture in America .pdf 
Gwich_in_ A Grammar of the Tukudh Language (McDonald) (1911).pdf 
Hablemos el Guaraní. Primer Nivel. .pdf 
Haida Handbook Level 1 - Grammar Guide (Lachler).pdf 
Hausa.pdf 
Hausa-TY.pdf 
Hawaiian.pdf 
Hebrew-Grammar.pdf 
Hebrew - Routledge Modern Hebrew.pdf 
Hebrew-Routledge.pdf 
Hebrew-TY.pdf 
Herero_ Grammatik des Otjiherero (Viehe) (1897).pdf 
Hiligaynon Reference Grammar (Wolfenden).pdf 
Hindi Fluency 1.pdf 
Hindi in Three months .pdf 
Hindi-Routledge.pdf 
Hindi-TY-Rao.pdf 
Hindi-TY-Schell.pdf 
Hopi, Lessons in (Kalectaca _ Langacker).pdf 
HTML & CSS The Good Parts (Animal Guide).pdf 
Huichol Vocabulario.pdf 
Hungarian-Routledge.pdf 
Hungarian-TY.pdf 
Icelandic-Hippocrene.pdf 
Icelandic.pdf 
Icelandic-TY.pdf 
Igbo.pdf 
Inga E Calvin - Maya Hieroglyphics Study Guide (2004) - libgen.lc.pdf 
Integrated Chinese Character Workbook Leve - Yuehua Liu, Tao-Chung Yao, Nyan-Ping Bi, L.pdf 
Introduction.to.Computation.and.Programming.Using.Python.pdf 
IntroductiontoComputation and Programming Using Python.pdf 
Iontenwennaweienstahkhwa_. Mohawk Spelling Dictionary .pdf 
Irish-Routledge.pdf 
Irish-TY.pdf 
Italian in tree months .pdf 
Italian-Routledge.pdf 
James Hoch Middle Egyptian Grammar SSEA Publication 1997 (1).pdf 
Japanese for Busy People.pdf 
Japanese-Genki.pdf 
Japanese with Ease vol. 1 (Assimil) (Garnier _ Toshiko).pdf 
Java In A Nutshell A desktop quick reference by David Flanagan (z-lib.org).pdf 
Kannada Lessons for Beginners.pdf .pdf 
Kikuyu, First Lessons in (Leakey).pdf 
Kinyarwanda Book, Trainee.pdf 
Klingon Dictionary (Okrand).pdf 
Korean Grammar in Use Beginning to Early I - Ahn Jean-Myung, Lee Kyung-ah, Han Hoo-youn.pdf 
Korean-Hippocrene.pdf 
Ktunaxa+Animals-+Birds.pdf 
Ktunaxa+Animals-+Fish.pdf 
Ktunaxa+Animals-+Mammals.pdf 
Ktunaxa+Animals-+Reptiles+and+Amphibians.pdf 
Ktunaxa-+Body+Parts.pdf 
Ktunaxa-+Calendar.pdf 
Ktunaxa-+Colours.pdf 
Ktunaxa-+Family+Members.pdf 
Ktunaxa+Household+Phrases.pdf 
Ktunaxa-+Numbers.pdf 
Ktunaxa-+Place+Names+small+list+.pdf 
Ktunaxa-+Plants.pdf 
Ktunaxa-+Pronunciation+Quick+Guide.pdf 
Kurdish, Learn (Rizgar).pdf 
Kurmanji.pdf 
Kutenai Language, A Description of the (Morgan).pdf 
L199c_FrasesHuicholEspanol_Leer_hch.pdf 
Lakota Language, Reading and Writing the (White Hat).pdf 
lambdin-introduction-to-sahidic-coptic.pdf 
Lao Basics_ An Introduction to the Lao Language .pdf 
Latin - An Intensive Course (Moreland _ Fleischer).pdf 
Latin-TY.pdf 
Latin, Wheelock_s (Wheelock) [with Reader].pdf 
Latvian-Routledge.pdf 
(Learning about Language) Keith Johnson - The history of Early English _ An Activity-based Introduction to Early, Middle and Early Modern English language-Routledge (2016).pdf 
Learning Perl 6 Keeping the Easy, Hard, and Impossible within Reach.pdf 
Learning PHP, MySQL, and JavaScript by Robin Nixon (z-lib.org).pdf 
Learn to Read Latin Textbook .pdf 
Learn to Read Latin Workbook .pdf 
libro curso de lengua tamazight nivel elemental .pdf 
Lingala Basic Course (Bongo).pdf 
Linguistics _ a complete introduction .pdf 
Lithuanian-Routledge.pdf 
living language swahili, a complete course for beginners, book.pdf .pdf 
living-our-language-ojibwe-tales-and-oral-histories-native-voices.pdf 
Lojban .pdf 
Low German - East Frisian dialect (Matras _ Reershemius).pdf 
Luganda-English Dictionary .pdf 
Lushootseed Dictionary .pdf 
Lushootseed reader with introductory grammar .pdf 
Macedonian.pdf 
Malayalam - A University Course and Reference Grammar (Moag).pdf 
Malay-Routledge.pdf 
Maltese-TY.pdf 
Mandarin-Routledge.pdf 
Manual_Aula_de_Galego_1_libro_completo_red.pdf 
Manual_Aula_de_Galego_1_resumo_gramatical.pdf 
Manual_Aula_de_Galego_2_libro_completo.pdf 
Manual_Aula_de_Galego_2_resumo_gramatical.pdf 
Manual_Aula_de_Galego_3_libro_completo.pdf 
Manual_Aula_de_Galego_3_resumo_gramatical.pdf 
Manual_Aula_de_Galego_4_libro_completo.pdf 
Manual_Aula_de_Galego_4_resumo_gramatical.pdf 
many1000 kanjis - japanese dictionary (0) - libgen.lc.pdf 
Maori, Beginners (Harawira).pdf 
Maori-TY.pdf 
Mapudungun.pdf 
Mikasuki Grammar in Outline (Boynton).pdf 
Mohawk A Teaching Grammar (Deering _ Delisle).pdf 
Mongolian-Routledge.pdf 
Morphology.pdf 
Náhuatl como segunda lengua .pdf 
Navajo-Dictionary.pdf 
Navajo.pdf 
Nepali-TY.pdf 
Nhanda - An Aboriginal Language of Western Australia (Blevins).pdf 
Noongar-Dictionary-Second-Edition.pdf 
Norwegian-Routledge.pdf 
Norwegian-TY.pdf 
Nuu-chah-nulth_ Kyuquot Grammar (Rose).pdf 
Ojibwe Vocabulary Project.pdf 
Old English-TY.pdf 
OpenGL SuperBible.pdf 
otjiherero_page9.pdf 
Palauan Reference Grammar (PALI language texts) .pdf 
PBE8-wip.pdf 
Perl Graphics Programming Creating SVG, SWF (Flash), JPEG and PNG files with Perl.pdf 
Persian-TY.pdf 
Phoenician Language, A Grammar of the (Harris).pdf 
PHP 5 Recipes.pdf 
PHP Cookbook.pdf 
PHP Notes For Professionals.pdf 
PHP The right Way.pdf 
PL-C96.pdf 
Polish-Routledge.pdf 
Polish-TY.pdf 
Portuguese-Grammar.pdf 
Portuguese-TY-Br.pdf 
Portuguese-TY.pdf 
Potawatomi, Conversational (Neely).pdf 
Psycholinguistics.pdf 
Punjabi-Routledge.pdf 
Punjabi-TY.pdf 
Python GUI Programming Cookbook.pdf 
Quechua Basic Course, Ecuadorian (Ott).pdf 
Quenya Course (Fauskanger).pdf 
Quick Signs.pdf 
Romanian-Grammar.pdf 
Romanian-Routledge.pdf 
Romanian-TY.pdf 
Samoan Language, Grammar and Vocabulary of the (Neffgen) (1918).pdf 
Sanskrit Text.pdf 
Sanskrit-TY.pdf 
Scottish-Routledge.pdf 
Scottish-three-months.pdf 
Scottish-TY.pdf 
Seneca-Grammar-Book.pdf 
Seneca Morphology and Dictionary (Chafe).pdf 
Serbian Fluency 1.pdf 
Sindarin Course, Pedin Edhellen (Renk).pdf 
Slovak-Routledge.pdf 
Slovenian-Routledge.pdf 
Sorbian (Upper and Lower) (Stone).pdf 
Spanish-Advanced.pdf 
Spanish-Grammar.pdf 
Sumerian.pdf 
Swahili - a foundation for speaking reading and writing (Hinnebusch _ Mirza).pdf 
Swahili, Learners_ Reference Grammar (Thompson _ Schleicher).pdf 
Swahili-Routledge.pdf 
Swahili-TY.pdf 
Swedish Fluency 1.pdf 
Swedish-Routledge.pdf 
Sweigart, Al - Automate the boring stuff with python _ practical programming for total beginners (2015, No Starch Press) - libgen.lc.pdf 
Tagalog, Basic (Aspillera).pdf 
Tagalog for Beginners .pdf 
Tagalog, Living Language (de Valerio).pdf 
Tamil-Routledge.pdf 
Tasmanian (Crowley _ Dixon).pdf 
Teach Yourself_ Indonesian .pdf 
Thai-Routledge.pdf 
TheAlgorithmDesignManual.pdf 
THEFOUNDERPRINCIPLEINCREOLEGENESIS.pdf 
TheGirlWithoutASound_Book_isiZulu - draft02.pdf 
The Grammar of Words_ An Introduction to Linguistic Morphology (Oxford Textbooks in Linguistics) .pdf 
The Pocket Handbook of Image Processing Algorithms In C.pdf 
The Study of Language.pdf 
Thinking Spanish Translation_ A Course in Translation Method_ Spanish to English (Thinking Translation) .pdf 
think-python.pdf 
Tiuelis titlajtlajtos náhuatl _ Puede hablar el náhuatl .pdf 
Tlingit_dictionary_web.pdf 
Tlingit Grammar Handbook (Crippen).pdf 
Tlingit.pdf 
Tom Christiansen, Nathan Torkington - Perl cookbook (1998, O'Reilly) - libgen.lc.pdf 
Tongan.pdf 
Tony Hunt - Tony Hunt's Structures Notebook, Second Edition (2003, Architectural Press) - libgen.lc.pdf 
TsimshianDictionaryOnline_sml.pdf 
Tunumiit oraasiat_ Tunumiut oqaasii The East Greenlandic Inuit language .pdf 
Turkish in Three Months (Hugo_s Simplified System) .pdf 
Turkish-Routledge.pdf 
Turkish-TY.pdf 
Twi - Basic Course (FSI).pdf 
tyc-eng-v2.pdf 
Ukrainian-TY.pdf 
Unofficial-Lakota-Language-Guide.pdf 
Urdu-Routledge.pdf 
Urdu-Script.pdf 
Urdu-TY.pdf 
v1ch16.pdf 
Vietnamese - Easy Vietnamese.pdf 
Vietnamese North.pdf 
Vietnamese-Routledge.pdf 
Vietnamese-TY.pdf 
Vocabulario Huichol - castellano Castellano-huichol .pdf 
Warlpiri Morphology and Syntax, Aspects of (Simpson).pdf 
Warlpiri.pdf 
We Are Learning Cherokee (Final).pdf 
Welsh-Routledge.pdf 
Welsh-three-months.pdf 
Welsh-TY.pdf 
Wicked Cool Perl Scripts Useful Perl Scripts That Solve Difficult Problems.pdf 
wicked cool shell scripts wicked cool shell scripts.pdf 
Windows Commands.pdf 
Women, Fire, and Dangerous Things .pdf 
Writing a Simple Operating System from Scratch.pdf 
Writing Linux Device Drivers in Assembly Language.pdf 
Writing Network Drivers in Go.pdf 
Writing R Extensions.pdf 
Xhosa-TY.pdf 
X-Ray - A Function Call Tracing System.pdf 
xv6 - a simple, Unix-like teaching operating system.pdf 
Yaqui Language, A Preliminary Sketch of the (Mason) (1923).pdf 
Yiddish-Routledge.pdf 
Yonsei Korean 1-1 - Yonsei Korean Institute.pdf 
Yoruba-Routledge.pdf 
Yoruba-TY.pdf 
Yorùbá Yé Mi_ A Beginning Yorùbá Textbook (1_2) .pdf 
Your First 100 Words in Pashto.pdf 
ZeroMQ.pdf 
Zulu-TY.pdf 
